warning: モジュール宣言で `#[path = "..."]` 属性は禁止されています
  --> $DIR/path_attribute_violation.rs:3:1
   |
LL | #[path = "path_attribute_violation/leaf.module"]
   | ^^^^^^^^^^^^^^^^^^^^^^^^^^^^^^^^^^^^^^^^^^^^^^^^
   |
   = note: ルール: 原則ルール: モジュールはファイル配置と `mod` 宣言だけで結線してください
   = note: 詳細: 属性 `#[path = "path_attribute_violation/leaf.module"]` が設定されています
   = help: モジュールファイルを規約どおりの場所に配置し、`mod foo;` として宣言してください
note: the lint level is defined here
  --> $DIR/path_attribute_violation.rs:1:9
   |
LL | #![warn(no_parent_reexport)]
   |         ^^^^^^^^^^^^^^^^^^

warning: 1 warning emitted

